VARIABLES
["x","y"]

TASK
"reachability"

DATA
FLOWPIPE
1 0 <= 0.05
0 1 <= 1.1
-1 -0 <= 0.06
-0 -1 <= -1
--------------------
1 0 <= 0.04
0 1 <= 1.1005
-1 -0 <= 0.071
-0 -1 <= -0.9994
--------------------
1 0 <= 0.030006
0 1 <= 1.1009
-1 -0 <= 0.082005
-0 -1 <= -0.99869
--------------------
1 0 <= 0.0200191
0 1 <= 1.1012
-1 -0 <= 0.093014
-0 -1 <= -0.99787
--------------------
1 0 <= 0.0100404
0 1 <= 1.1014
-1 -0 <= 0.104026
-0 -1 <= -0.99694
--------------------
1 0 <= 7.10043e-05
0 1 <= 1.1015
-1 -0 <= 0.11504
-0 -1 <= -0.9959
--------------------
1 0 <= -0.00988799
0 1 <= 1.1015
-1 -0 <= 0.126055
-0 -1 <= -0.994749
--------------------
1 0 <= -0.0198355
0 1 <= 1.1014
-1 -0 <= 0.13707
-0 -1 <= -0.993489
--------------------
1 0 <= -0.0297704
0 1 <= 1.1012
-1 -0 <= 0.148084
-0 -1 <= -0.992118
--------------------
1 0 <= -0.0396915
0 1 <= 1.10091
-1 -0 <= 0.159096
-0 -1 <= -0.990637
--------------------
1 0 <= -0.0495979
0 1 <= 1.10051
-1 -0 <= 0.170105
-0 -1 <= -0.989046
