VARIABLES
["x","y"]

DATA
FLOWPIPE
1 1 <= 10
-0 -1 <= -1
-1 -0 <= -1
--------------------
1 1 <= 10.0081
1 0 <= 9
0 1 <= 9.0001
-1 -1 <= -2.0001
-1 -0 <= -1
-0 -1 <= -1.0001
--------------------
1 1 <= 10.0162
1 0 <= 9
0 1 <= 9.005
-1 -1 <= -2.0002
-1 -0 <= -1
-0 -1 <= -1.0002
--------------------
1 1 <= 10.0243
1 0 <= 9
0 1 <= 9.00991
-1 -1 <= -2.0003
-1 -0 <= -1
-0 -1 <= -1.0003
--------------------
1 1 <= 10.0324
1 0 <= 9
0 1 <= 9.01482
-1 -1 <= -2.0004
-1 -0 <= -1
-0 -1 <= -1.0004
--------------------
1 1 <= 10.0405
1 0 <= 9
0 1 <= 9.01974
-1 -1 <= -2.0005
-1 -0 <= -1
-0 -1 <= -1.0005
--------------------
1 1 <= 10.0486
1 0 <= 9
0 1 <= 9.02467
-1 -1 <= -2.0006
-1 -0 <= -1
-0 -1 <= -1.0006
--------------------
1 1 <= 10.0567
1 0 <= 9
0 1 <= 9.0296
-1 -1 <= -2.0007
-1 -0 <= -1
-0 -1 <= -1.0007
--------------------
1 1 <= 10.0648
1 0 <= 9
0 1 <= 9.03454
-1 -1 <= -2.0008
-1 -0 <= -1
-0 -1 <= -1.0008
--------------------
1 1 <= 10.0729
1 0 <= 9
0 1 <= 9.03949
-1 -1 <= -2.0009
-1 -0 <= -1
-0 -1 <= -1.0009
--------------------
1 1 <= 10.081
1 0 <= 9
0 1 <= 9.04444
-1 -1 <= -2.001
-1 -0 <= -1
-0 -1 <= -1.001
--------------------
1 1 <= 10.0891
1 0 <= 9
0 1 <= 9.0494
-1 -1 <= -2.0011
-1 -0 <= -1
-0 -1 <= -1.0011
--------------------
1 1 <= 10.0972
1 0 <= 9
0 1 <= 9.05437
-1 -1 <= -2.0012
-1 -0 <= -1
-0 -1 <= -1.0012
--------------------
1 1 <= 10.1053
1 0 <= 9
0 1 <= 9.05935
-1 -1 <= -2.0013
-1 -0 <= -1
-0 -1 <= -1.0013
--------------------
1 1 <= 10.1134
1 0 <= 9
0 1 <= 9.06433
-1 -1 <= -2.0014
-1 -0 <= -1
-0 -1 <= -1.0014
--------------------
1 1 <= 10.1215
1 0 <= 9
0 1 <= 9.06932
-1 -1 <= -2.0015
-1 -0 <= -1
-0 -1 <= -1.0015
--------------------
1 1 <= 10.1296
1 0 <= 9
0 1 <= 9.07431
-1 -1 <= -2.0016
-1 -0 <= -1
-0 -1 <= -1.0016
--------------------
1 1 <= 10.1377
1 0 <= 9
0 1 <= 9.07931
-1 -1 <= -2.0017
-1 -0 <= -1
-0 -1 <= -1.0017
--------------------
1 1 <= 10.1458
1 0 <= 9
0 1 <= 9.08432
-1 -1 <= -2.0018
-1 -0 <= -1
-0 -1 <= -1.0018
--------------------
1 1 <= 10.1539
1 0 <= 9
0 1 <= 9.08934
-1 -1 <= -2.0019
-1 -0 <= -1
-0 -1 <= -1.0019
--------------------
1 1 <= 10.162
1 0 <= 9
0 1 <= 9.09436
-1 -1 <= -2.002
-1 -0 <= -1
-0 -1 <= -1.002
--------------------
1 1 <= 10.1701
1 0 <= 9
0 1 <= 9.09939
-1 -1 <= -2.0021
-1 -0 <= -1
-0 -1 <= -1.0021
--------------------
1 1 <= 10.1782
1 0 <= 9
0 1 <= 9.10443
-1 -1 <= -2.0022
-1 -0 <= -1
-0 -1 <= -1.0022
--------------------
1 1 <= 10.1863
1 0 <= 9
0 1 <= 9.10947
-1 -1 <= -2.0023
-1 -0 <= -1
-0 -1 <= -1.0023
--------------------
1 1 <= 10.1944
1 0 <= 9
0 1 <= 9.11453
-1 -1 <= -2.0024
-1 -0 <= -1
-0 -1 <= -1.0024
--------------------
1 1 <= 10.2025
1 0 <= 9
0 1 <= 9.11958
-1 -1 <= -2.0025
-1 -0 <= -1
-0 -1 <= -1.0025
--------------------
1 1 <= 10.2106
1 0 <= 9
0 1 <= 9.12465
-1 -1 <= -2.0026
-1 -0 <= -1
-0 -1 <= -1.0026
--------------------
1 1 <= 10.2187
1 0 <= 9
0 1 <= 9.12972
-1 -1 <= -2.0027
-1 -0 <= -1
-0 -1 <= -1.0027
--------------------
1 1 <= 10.2268
1 0 <= 9
0 1 <= 9.1348
-1 -1 <= -2.0028
-1 -0 <= -1
-0 -1 <= -1.0028
--------------------
1 1 <= 10.2349
1 0 <= 9
0 1 <= 9.13989
-1 -1 <= -2.0029
-1 -0 <= -1
-0 -1 <= -1.0029
--------------------
1 1 <= 10.243
1 0 <= 9
0 1 <= 9.14498
-1 -1 <= -2.003
-1 -0 <= -1
-0 -1 <= -1.003
