VARIABLES
["s","i","r"]

PARAMETERS
["beta","mu","gamma","alpha"]

TASK
synthesis

DATA
==========empty list==========