VARIABLES
["x","y"]

TASK
"invariant validation"

INVARIANT
-1 -0 <= -0
-0 -1 <= -0
0 1 <= 150

EPOCHS
17

RESULT
"proved"

K-INDUCTION LEVEL
17

FLOWPIPE
1 0 <= 5
0 1 <= 0.00025
-1 -0 <= 0
-0 -1 <= 0
--------------------
1 0 <= 4.5
0 1 <= 0.00125
-1 -0 <= 0
-0 -1 <= 0
--------------------
1 0 <= 4.05
0 1 <= 0.005625
-1 -0 <= 0
-0 -1 <= 0
--------------------
1 0 <= 3.645
0 1 <= 0.0227812
-1 -0 <= 0
-0 -1 <= 0
--------------------
1 0 <= 3.2805
0 1 <= 0.0830376
-1 -0 <= 0
-0 -1 <= 0
--------------------
1 0 <= 2.95245
0 1 <= 0.272405
-1 -0 <= 0
-0 -1 <= 0
--------------------
1 0 <= 2.6572
0 1 <= 0.804262
-1 -0 <= 0
-0 -1 <= 0
--------------------
1 0 <= 2.39148
0 1 <= 2.13709
-1 -0 <= 0
-0 -1 <= 0
--------------------
1 0 <= 2.15234
0 1 <= 5.11081
-1 -0 <= 0
-0 -1 <= 0
--------------------
1 0 <= 1.9371
0 1 <= 11.0002
-1 -0 <= 0
-0 -1 <= 0
--------------------
1 0 <= 1.74339
0 1 <= 21.3085
-1 -0 <= 0
-0 -1 <= 0
--------------------
1 0 <= 1.56905
0 1 <= 37.149
-1 -0 <= 0
-0 -1 <= 0
--------------------
1 0 <= 1.41215
0 1 <= 58.2888
-1 -0 <= 0
-0 -1 <= 0
--------------------
1 0 <= 1.27093
0 1 <= 82.3123
-1 -0 <= 0
-0 -1 <= 0
--------------------
1 0 <= 1.14384
0 1 <= 104.613
-1 -0 <= 0
-0 -1 <= 0
--------------------
1 0 <= 1.02946
0 1 <= 119.661
-1 -0 <= 0
-0 -1 <= 0
--------------------
1 0 <= 0.92651
0 1 <= 123.186
-1 -0 <= 0
-0 -1 <= 0

K-INDUCTION PROOF
1 0 <= 5
0 1 <= 123.186
-1 -0 <= 0
-0 -1 <= 0
--------------------
1 0 <= 4.5
0 1 <= 615.928
-1 -0 <= 0
-0 -1 <= 0
--------------------
1 0 <= 4.05
0 1 <= 554.335
-1 -0 <= 0
-0 -1 <= 0
--------------------
1 0 <= 3.645
0 1 <= 498.902
-1 -0 <= 0
-0 -1 <= 0
--------------------
1 0 <= 3.2805
0 1 <= 449.011
-1 -0 <= 0
-0 -1 <= 0
--------------------
1 0 <= 2.95245
0 1 <= 404.11
-1 -0 <= 0
-0 -1 <= 0
--------------------
1 0 <= 2.6572
0 1 <= 363.699
-1 -0 <= 0
-0 -1 <= 0
--------------------
1 0 <= 2.39148
0 1 <= 327.329
-1 -0 <= 0
-0 -1 <= 0
--------------------
1 0 <= 2.15234
0 1 <= 294.596
-1 -0 <= 0
-0 -1 <= 0
--------------------
1 0 <= 1.9371
0 1 <= 265.137
-1 -0 <= 0
-0 -1 <= 0
--------------------
1 0 <= 1.74339
0 1 <= 238.623
-1 -0 <= 0
-0 -1 <= 0
--------------------
1 0 <= 1.56905
0 1 <= 214.761
-1 -0 <= 0
-0 -1 <= 0
--------------------
1 0 <= 1.41215
0 1 <= 193.285
-1 -0 <= 0
-0 -1 <= 0
--------------------
1 0 <= 1.27093
0 1 <= 173.956
-1 -0 <= 0
-0 -1 <= 0
--------------------
1 0 <= 1.14384
0 1 <= 156.561
-1 -0 <= 0
-0 -1 <= 0
--------------------
1 0 <= 1.02946
0 1 <= 140.904
-1 -0 <= 0
-0 -1 <= 0
--------------------
1 0 <= 0.92651
0 1 <= 126.814
-1 -0 <= 0
-0 -1 <= 0
--------------------
1 0 <= 0.833859
0 1 <= 114.133
-1 -0 <= 0
-0 -1 <= 0
