VARIABLES
["x","y"]

TASK
invariant validation

EPOCHS
11

RESULT
disproved

FLOWPIPE
1 0 <= 5
0 1 <= 0.00025
-1 -0 <= 0
-0 -1 <= 0
--------------------
1 0 <= 4.5
0 1 <= 0.00152778
-1 -0 <= 0
-0 -1 <= 0
--------------------
1 0 <= 4.05
0 1 <= 0.00840278
-1 -0 <= 0
-0 -1 <= 0
--------------------
1 0 <= 3.645
0 1 <= 0.0415937
-1 -0 <= 0
-0 -1 <= 0
--------------------
1 0 <= 3.2805
0 1 <= 0.1853
-1 -0 <= 0
-0 -1 <= 0
--------------------
1 0 <= 2.95245
0 1 <= 0.742961
-1 -0 <= 0
-0 -1 <= 0
--------------------
1 0 <= 2.6572
0 1 <= 2.68101
-1 -0 <= 0
-0 -1 <= 0
--------------------
1 0 <= 2.39148
0 1 <= 8.7071
-1 -0 <= 0
-0 -1 <= 0
--------------------
1 0 <= 2.15234
0 1 <= 25.4502
-1 -0 <= 0
-0 -1 <= 0
--------------------
1 0 <= 1.9371
0 1 <= 66.9502
-1 -0 <= 0
-0 -1 <= 0
--------------------
1 0 <= 1.74339
0 1 <= 158.509
-1 -0 <= 0
-0 -1 <= 0
