VARIABLES
["x","y"]

TASK
"invariant validation"

INVARIANT
1 1 <= 0.6

EPOCHS
5

RESULT
"proved"

K-INDUCTION LEVEL
5

FLOWPIPE
1 0 <= 0.11
0 1 <= 0.11
1 1 <= 0.22
-1 -0 <= -0.09
-0 -1 <= -0.09
-1 -1 <= -0.18
--------------------
1 0 <= 0.3242
0 1 <= 0.204
1 1 <= 0.5242
-1 -0 <= -0.3162
-0 -1 <= -0.196
-1 -1 <= -0.5158
--------------------
1 0 <= 0.431539
0 1 <= 0.141634
1 1 <= 0.570643
-1 -0 <= -0.424233
-0 -1 <= -0.13331
-1 -1 <= -0.560397
--------------------
1 0 <= 0.422241
0 1 <= 0.040086
1 1 <= 0.460257
-1 -0 <= -0.413109
-0 -1 <= -0.0315456
-1 -1 <= -0.446603
--------------------
1 0 <= 0.333852
0 1 <= 0.0309475
1 1 <= 0.364067
-1 -0 <= -0.326064
-0 -1 <= -0.0227078
-1 -1 <= -0.349347

K-INDUCTION PROOF
1 0 <= 0.431539
0 1 <= 0.204
1 1 <= 0.570643
-1 -0 <= -0.09
-0 -1 <= -0.0227078
-1 -1 <= -0.18
--------------------
1 0 <= 0.431539
0 1 <= 0.204
1 1 <= 0.570643
-1 -0 <= -0.304087
-0 -1 <= -0.0227078
-1 -1 <= -0.333888
--------------------
1 0 <= 0.431539
0 1 <= 0.149147
1 1 <= 0.570643
-1 -0 <= -0.31381
-0 -1 <= -0.0227078
-1 -1 <= -0.333888
--------------------
1 0 <= 0.428725
0 1 <= 0.123768
1 1 <= 0.517376
-1 -0 <= -0.314252
-0 -1 <= -0.0227078
-1 -1 <= -0.333888
--------------------
1 0 <= 0.406125
0 1 <= 0.116564
1 1 <= 0.494353
-1 -0 <= -0.314272
-0 -1 <= -0.0227078
-1 -1 <= -0.336181
--------------------
1 0 <= 0.394679
0 1 <= 0.11482
1 1 <= 0.488086
-1 -0 <= -0.314273
-0 -1 <= -0.0355782
-1 -1 <= -0.354023
