VARIABLES
["x1","x2","x3","x4","x5"]

TASK
reachability

DATA
FLOWPIPE
empty set
