VARIABLES
["x","y"]

TASK
"invariant validation"

INVARIANT
1 1 <= 0.6

EPOCHS
5

RESULT
"proved"

K-INDUCTION LEVEL
5

FLOWPIPE
1 0 <= 0.11
0 1 <= 0.11
1 1 <= 0.22
-1 -0 <= -0.09
-0 -1 <= -0.09
-1 -1 <= -0.18
--------------------
1 0 <= 0.3242
0 1 <= 0.204
1 1 <= 0.5242
-1 -0 <= -0.3162
-0 -1 <= -0.196
-1 -1 <= -0.5158
--------------------
1 0 <= 0.430642
0 1 <= 0.141634
1 1 <= 0.570643
-1 -0 <= -0.425362
-0 -1 <= -0.13331
-1 -1 <= -0.560397
--------------------
1 0 <= 0.421524
0 1 <= 0.0391276
1 1 <= 0.459619
-1 -0 <= -0.41387
-0 -1 <= -0.0323195
-1 -1 <= -0.447137
--------------------
1 0 <= 0.332906
0 1 <= 0.0302425
1 1 <= 0.36263
-1 -0 <= -0.326813
-0 -1 <= -0.0233618
-1 -1 <= -0.350609

K-INDUCTION PROOF
1 0 <= 0.430642
0 1 <= 0.204
1 1 <= 0.570643
-1 -0 <= -0.09
-0 -1 <= -0.0233618
-1 -1 <= -0.18
--------------------
1 0 <= 0.44959
0 1 <= 0.233516
1 1 <= 0.609069
-1 -0 <= -0.304205
-0 -1 <= -0.0150936
-1 -1 <= -0.335215
--------------------
1 0 <= 0.44959
0 1 <= 0.149075
1 1 <= 0.573191
-1 -0 <= -0.314571
-0 -1 <= -0.0150936
-1 -1 <= -0.335215
--------------------
1 0 <= 0.425691
0 1 <= 0.123269
1 1 <= 0.517058
-1 -0 <= -0.314698
-0 -1 <= -0.0150936
-1 -1 <= -0.335215
--------------------
1 0 <= 0.397084
0 1 <= 0.11616
1 1 <= 0.493745
-1 -0 <= -0.314704
-0 -1 <= -0.0193332
-1 -1 <= -0.339223
--------------------
1 0 <= 0.387721
0 1 <= 0.114455
1 1 <= 0.487567
-1 -0 <= -0.314758
-0 -1 <= -0.0428703
-1 -1 <= -0.361423
