VARIABLES
["x","y"]

TASK
reachability

DATA
FLOWPIPE
1 0 <= 2
0 1 <= 2
-1 -0 <= -1
-0 -1 <= -1
--------------------
1 0 <= 0.5
0 1 <= 5.4
-1 -0 <= -0.333333
-0 -1 <= -5.3
--------------------
1 0 <= 0.75
0 1 <= 4.97
-1 -0 <= -0.666667
-0 -1 <= -4.96
--------------------
1 0 <= 0.6
0 1 <= 5.004
-1 -0 <= -0.571429
-0 -1 <= -5.003
--------------------
1 0 <= 0.636364
0 1 <= 4.9997
-1 -0 <= -0.625
-0 -1 <= -4.9996
--------------------
1 0 <= 0.615385
0 1 <= 5.00004
-1 -0 <= -0.611111
-0 -1 <= -5.00003
--------------------
1 0 <= 0.62069
0 1 <= 5
-1 -0 <= -0.619048
-0 -1 <= -5
--------------------
1 0 <= 0.617647
0 1 <= 5
-1 -0 <= -0.617021
-0 -1 <= -5
--------------------
1 0 <= 0.618421
0 1 <= 5
-1 -0 <= -0.618182
-0 -1 <= -5
--------------------
1 0 <= 0.617978
0 1 <= 5
-1 -0 <= -0.617886
-0 -1 <= -5
--------------------
1 0 <= 0.61809
0 1 <= 5
-1 -0 <= -0.618056
-0 -1 <= -5
--------------------
1 0 <= 0.618026
0 1 <= 5
-1 -0 <= -0.618012
-0 -1 <= -5
--------------------
1 0 <= 0.618042
0 1 <= 5
-1 -0 <= -0.618037
-0 -1 <= -5
--------------------
1 0 <= 0.618033
0 1 <= 5
-1 -0 <= -0.618031
-0 -1 <= -5
--------------------
1 0 <= 0.618035
0 1 <= 5
-1 -0 <= -0.618034
-0 -1 <= -5
--------------------
1 0 <= 0.618034
0 1 <= 5
-1 -0 <= -0.618034
-0 -1 <= -5
--------------------
1 0 <= 0.618034
0 1 <= 5
-1 -0 <= -0.618034
-0 -1 <= -5
--------------------
1 0 <= 0.618034
0 1 <= 5
-1 -0 <= -0.618034
-0 -1 <= -5
--------------------
1 0 <= 0.618034
0 1 <= 5
-1 -0 <= -0.618034
-0 -1 <= -5
--------------------
1 0 <= 0.618034
0 1 <= 5
-1 -0 <= -0.618034
-0 -1 <= -5
--------------------
1 0 <= 0.618034
0 1 <= 5
-1 -0 <= -0.618034
-0 -1 <= -5
--------------------
1 0 <= 0.618034
0 1 <= 5
-1 -0 <= -0.618034
-0 -1 <= -5
--------------------
1 0 <= 0.618034
0 1 <= 5
-1 -0 <= -0.618034
-0 -1 <= -5
--------------------
1 0 <= 0.618034
0 1 <= 5
-1 -0 <= -0.618034
-0 -1 <= -5
--------------------
1 0 <= 0.618034
0 1 <= 5
-1 -0 <= -0.618034
-0 -1 <= -5
--------------------
1 0 <= 0.618034
0 1 <= 5
-1 -0 <= -0.618034
-0 -1 <= -5
--------------------
1 0 <= 0.618034
0 1 <= 5
-1 -0 <= -0.618034
-0 -1 <= -5
--------------------
1 0 <= 0.618034
0 1 <= 5
-1 -0 <= -0.618034
-0 -1 <= -5
--------------------
1 0 <= 0.618034
0 1 <= 5
-1 -0 <= -0.618034
-0 -1 <= -5
--------------------
1 0 <= 0.618034
0 1 <= 5
-1 -0 <= -0.618034
-0 -1 <= -5
--------------------
1 0 <= 0.618034
0 1 <= 5
-1 -0 <= -0.618034
-0 -1 <= -5
