VARIABLES
["s","i","r"]

DATA
FLOWPIPE
1 0 0 <= 0.8
0 1 0 <= 0.2
0 0 1 <= 0.0001
-0 -0 -1 <= -9.9e-05
-0 -1 -0 <= -0.19
-1 -0 -0 <= -0.79
--------------------
1 0 0 <= 0.794832
0 1 0 <= 0.20444
0 0 1 <= 0.0011
1 0.5 0 <= 0.89678
0.5 0 0.5 <= 0.397941
-1 -0 -0 <= -0.784628
-0 -1 -0 <= -0.194153
-0 -0 -1 <= -0.001049
-1 -0.5 -0 <= -0.881973
-0.5 -0 -0.5 <= -0.392864
--------------------
1 0 0 <= 0.789585
0 1 0 <= 0.208941
0 0 1 <= 0.0021222
1 0.5 0 <= 0.893515
0.5 0 0.5 <= 0.395828
-1 -0 -0 <= -0.779174
-0 -1 -0 <= -0.198364
-0 -0 -1 <= -0.00201977
-1 -0.5 -0 <= -0.87889
-0.5 -0 -0.5 <= -0.390623
--------------------
1 0 0 <= 0.78426
0 1 0 <= 0.213501
0 0 1 <= 0.0031669
1 0.5 0 <= 0.890207
0.5 0 0.5 <= 0.393687
-1 -0 -0 <= -0.773639
-0 -1 -0 <= -0.202631
-0 -0 -1 <= -0.00301159
-1 -0.5 -0 <= -0.875748
-0.5 -0 -0.5 <= -0.388352
--------------------
1 0 0 <= 0.778857
0 1 0 <= 0.218121
0 0 1 <= 0.00423441
1 0.5 0 <= 0.886855
0.5 0 0.5 <= 0.391518
-1 -0 -0 <= -0.768023
-0 -1 -0 <= -0.206953
-0 -0 -1 <= -0.00402474
-1 -0.5 -0 <= -0.872549
-0.5 -0 -0.5 <= -0.386051
--------------------
1 0 0 <= 0.773376
0 1 0 <= 0.222799
0 0 1 <= 0.00532502
1 0.5 0 <= 0.883459
0.5 0 0.5 <= 0.389323
-1 -0 -0 <= -0.762327
-0 -1 -0 <= -0.21133
-0 -0 -1 <= -0.00505951
-1 -0.5 -0 <= -0.869292
-0.5 -0 -0.5 <= -0.383721
--------------------
1 0 0 <= 0.76782
0 1 0 <= 0.227533
0 0 1 <= 0.00643901
1 0.5 0 <= 0.88002
0.5 0 0.5 <= 0.387101
-1 -0 -0 <= -0.756552
-0 -1 -0 <= -0.21576
-0 -0 -1 <= -0.00611615
-1 -0.5 -0 <= -0.865979
-0.5 -0 -0.5 <= -0.381363
--------------------
1 0 0 <= 0.762187
0 1 0 <= 0.232323
0 0 1 <= 0.00757668
1 0.5 0 <= 0.876537
0.5 0 0.5 <= 0.384852
-1 -0 -0 <= -0.7507
-0 -1 -0 <= -0.220242
-0 -0 -1 <= -0.00719495
-1 -0.5 -0 <= -0.86261
-0.5 -0 -0.5 <= -0.378977
--------------------
1 0 0 <= 0.75648
0 1 0 <= 0.237168
0 0 1 <= 0.00873829
1 0.5 0 <= 0.873011
0.5 0 0.5 <= 0.382579
-1 -0 -0 <= -0.74477
-0 -1 -0 <= -0.224776
-0 -0 -1 <= -0.00829617
-1 -0.5 -0 <= -0.859186
-0.5 -0 -0.5 <= -0.376563
--------------------
1 0 0 <= 0.750698
0 1 0 <= 0.242066
0 0 1 <= 0.00992413
1 0.5 0 <= 0.869441
0.5 0 0.5 <= 0.38028
-1 -0 -0 <= -0.738764
-0 -1 -0 <= -0.229359
-0 -0 -1 <= -0.00942005
-1 -0.5 -0 <= -0.855706
-0.5 -0 -0.5 <= -0.374123
--------------------
1 0 0 <= 0.744844
0 1 0 <= 0.247015
0 0 1 <= 0.0111345
1 0.5 0 <= 0.865829
0.5 0 0.5 <= 0.377958
-1 -0 -0 <= -0.732684
-0 -1 -0 <= -0.233991
-0 -0 -1 <= -0.0105668
-1 -0.5 -0 <= -0.852173
-0.5 -0 -0.5 <= -0.371657
--------------------
1 0 0 <= 0.738918
0 1 0 <= 0.252014
0 0 1 <= 0.0123695
1 0.5 0 <= 0.862173
0.5 0 0.5 <= 0.375611
-1 -0 -0 <= -0.726531
-0 -1 -0 <= -0.23867
-0 -0 -1 <= -0.0117368
-1 -0.5 -0 <= -0.848586
-0.5 -0 -0.5 <= -0.369166
--------------------
1 0 0 <= 0.732922
0 1 0 <= 0.257062
0 0 1 <= 0.0136296
1 0.5 0 <= 0.858475
0.5 0 0.5 <= 0.373243
-1 -0 -0 <= -0.720305
-0 -1 -0 <= -0.243395
-0 -0 -1 <= -0.0129302
-1 -0.5 -0 <= -0.844946
-0.5 -0 -0.5 <= -0.366651
--------------------
1 0 0 <= 0.726857
0 1 0 <= 0.262156
0 0 1 <= 0.0149149
1 0.5 0 <= 0.854735
0.5 0 0.5 <= 0.370852
-1 -0 -0 <= -0.71401
-0 -1 -0 <= -0.248163
-0 -0 -1 <= -0.0141471
-1 -0.5 -0 <= -0.841254
-0.5 -0 -0.5 <= -0.364113
--------------------
1 0 0 <= 0.720724
0 1 0 <= 0.267296
0 0 1 <= 0.0162257
1 0.5 0 <= 0.850953
0.5 0 0.5 <= 0.36844
-1 -0 -0 <= -0.707646
-0 -1 -0 <= -0.252973
-0 -0 -1 <= -0.0153879
-1 -0.5 -0 <= -0.837512
-0.5 -0 -0.5 <= -0.361552
--------------------
1 0 0 <= 0.714525
0 1 0 <= 0.272478
0 0 1 <= 0.0175622
1 0.5 0 <= 0.84713
0.5 0 0.5 <= 0.366008
-1 -0 -0 <= -0.701215
-0 -1 -0 <= -0.257824
-0 -0 -1 <= -0.0166528
-1 -0.5 -0 <= -0.833719
-0.5 -0 -0.5 <= -0.358969
--------------------
1 0 0 <= 0.708262
0 1 0 <= 0.277702
0 0 1 <= 0.0189246
1 0.5 0 <= 0.843266
0.5 0 0.5 <= 0.363556
-1 -0 -0 <= -0.694718
-0 -1 -0 <= -0.262713
-0 -0 -1 <= -0.0179419
-1 -0.5 -0 <= -0.829877
-0.5 -0 -0.5 <= -0.356367
--------------------
1 0 0 <= 0.701935
0 1 0 <= 0.282964
0 0 1 <= 0.0203131
1 0.5 0 <= 0.839362
0.5 0 0.5 <= 0.361087
-1 -0 -0 <= -0.688159
-0 -1 -0 <= -0.267639
-0 -0 -1 <= -0.0192555
-1 -0.5 -0 <= -0.825987
-0.5 -0 -0.5 <= -0.353745
--------------------
1 0 0 <= 0.695548
0 1 0 <= 0.288263
0 0 1 <= 0.0217279
1 0.5 0 <= 0.835419
0.5 0 0.5 <= 0.3586
-1 -0 -0 <= -0.681538
-0 -1 -0 <= -0.272599
-0 -0 -1 <= -0.0205937
-1 -0.5 -0 <= -0.822049
-0.5 -0 -0.5 <= -0.351104
--------------------
1 0 0 <= 0.689101
0 1 0 <= 0.293597
0 0 1 <= 0.0231692
1 0.5 0 <= 0.831437
0.5 0 0.5 <= 0.356096
-1 -0 -0 <= -0.674859
-0 -1 -0 <= -0.277592
-0 -0 -1 <= -0.0219567
-1 -0.5 -0 <= -0.818066
-0.5 -0 -0.5 <= -0.348447
--------------------
1 0 0 <= 0.682597
0 1 0 <= 0.298964
0 0 1 <= 0.0246372
1 0.5 0 <= 0.827418
0.5 0 0.5 <= 0.353577
-1 -0 -0 <= -0.668122
-0 -1 -0 <= -0.282615
-0 -0 -1 <= -0.0233446
-1 -0.5 -0 <= -0.814038
-0.5 -0 -0.5 <= -0.345773
--------------------
1 0 0 <= 0.676038
0 1 0 <= 0.30436
0 0 1 <= 0.026132
1 0.5 0 <= 0.823361
0.5 0 0.5 <= 0.351044
-1 -0 -0 <= -0.661331
-0 -1 -0 <= -0.287666
-0 -0 -1 <= -0.0247577
-1 -0.5 -0 <= -0.809966
-0.5 -0 -0.5 <= -0.343085
--------------------
1 0 0 <= 0.669426
0 1 0 <= 0.309784
0 0 1 <= 0.0276538
1 0.5 0 <= 0.819268
0.5 0 0.5 <= 0.348498
-1 -0 -0 <= -0.654487
-0 -1 -0 <= -0.292743
-0 -0 -1 <= -0.026196
-1 -0.5 -0 <= -0.805852
-0.5 -0 -0.5 <= -0.340383
--------------------
1 0 0 <= 0.662763
0 1 0 <= 0.315232
0 0 1 <= 0.0292027
1 0.5 0 <= 0.815139
0.5 0 0.5 <= 0.34594
-1 -0 -0 <= -0.647593
-0 -1 -0 <= -0.297843
-0 -0 -1 <= -0.0276598
-1 -0.5 -0 <= -0.801697
-0.5 -0 -0.5 <= -0.337669
--------------------
1 0 0 <= 0.656052
0 1 0 <= 0.320703
0 0 1 <= 0.0307789
1 0.5 0 <= 0.810976
0.5 0 0.5 <= 0.343372
-1 -0 -0 <= -0.640653
-0 -1 -0 <= -0.302965
-0 -0 -1 <= -0.029149
-1 -0.5 -0 <= -0.797501
-0.5 -0 -0.5 <= -0.334944
--------------------
1 0 0 <= 0.649294
0 1 0 <= 0.326194
0 0 1 <= 0.0323824
1 0.5 0 <= 0.80678
0.5 0 0.5 <= 0.340794
-1 -0 -0 <= -0.633667
-0 -1 -0 <= -0.308104
-0 -0 -1 <= -0.0306638
-1 -0.5 -0 <= -0.793268
-0.5 -0 -0.5 <= -0.33221
--------------------
1 0 0 <= 0.642492
0 1 0 <= 0.331702
0 0 1 <= 0.0340134
1 0.5 0 <= 0.802551
0.5 0 0.5 <= 0.338208
-1 -0 -0 <= -0.626639
-0 -1 -0 <= -0.31326
-0 -0 -1 <= -0.0322043
-1 -0.5 -0 <= -0.788997
-0.5 -0 -0.5 <= -0.329467
--------------------
1 0 0 <= 0.635649
0 1 0 <= 0.337224
0 0 1 <= 0.0356719
1 0.5 0 <= 0.798292
0.5 0 0.5 <= 0.335614
-1 -0 -0 <= -0.619572
-0 -1 -0 <= -0.318429
-0 -0 -1 <= -0.0337706
-1 -0.5 -0 <= -0.78469
-0.5 -0 -0.5 <= -0.326717
--------------------
1 0 0 <= 0.628767
0 1 0 <= 0.342758
0 0 1 <= 0.037358
1 0.5 0 <= 0.794002
0.5 0 0.5 <= 0.333016
-1 -0 -0 <= -0.612468
-0 -1 -0 <= -0.323608
-0 -0 -1 <= -0.0353628
-1 -0.5 -0 <= -0.780349
-0.5 -0 -0.5 <= -0.323963
--------------------
1 0 0 <= 0.621849
0 1 0 <= 0.3483
0 0 1 <= 0.0390718
1 0.5 0 <= 0.789683
0.5 0 0.5 <= 0.330413
-1 -0 -0 <= -0.605331
-0 -1 -0 <= -0.328796
-0 -0 -1 <= -0.0369808
-1 -0.5 -0 <= -0.775976
-0.5 -0 -0.5 <= -0.321204
--------------------
1 0 0 <= 0.614897
0 1 0 <= 0.353848
0 0 1 <= 0.0408133
1 0.5 0 <= 0.785336
0.5 0 0.5 <= 0.327807
-1 -0 -0 <= -0.598162
-0 -1 -0 <= -0.333989
-0 -0 -1 <= -0.0386248
-1 -0.5 -0 <= -0.771571
-0.5 -0 -0.5 <= -0.318442
