VARIABLES
["s","i","r"]

PARAMETERS
["beta","mu","gamma","alpha"]

DATA
FLOWPIPE
-0 -0 -1 <= -0.7
0 1 0 <= 0.1
-0 -1 -0 <= -0.001
1 1 1 <= 1
-1 -0 -0 <= -0.2
--------------------
1 0 0 <= 0.302831
0 1 0 <= 0.097
0 0 1 <= 0.80494
1 1 1 <= 1
-1 -0 -0 <= -0.19969
-0 -1 -0 <= -0.000941
-0 -0 -1 <= -0.696202
-1 -1 -1 <= -0.901
--------------------
1 0 0 <= 0.306667
0 1 0 <= 0.0941559
0 0 1 <= 0.809655
1 1 1 <= 1
-1 -0 -0 <= -0.199433
-0 -1 -0 <= -0.000885465
-0 -0 -1 <= -0.692422
-1 -1 -1 <= -0.901
--------------------
1 0 0 <= 0.310483
0 1 0 <= 0.0914576
0 0 1 <= 0.814156
1 1 1 <= 1
-1 -0 -0 <= -0.199225
-0 -1 -0 <= -0.000833195
-0 -0 -1 <= -0.68866
-1 -1 -1 <= -0.901
--------------------
1 0 0 <= 0.314277
0 1 0 <= 0.0888958
0 0 1 <= 0.818454
1 1 1 <= 1
-1 -0 -0 <= -0.199063
-0 -1 -0 <= -0.000784001
-0 -0 -1 <= -0.684916
-1 -1 -1 <= -0.901
--------------------
1 0 0 <= 0.31805
0 1 0 <= 0.0864617
0 0 1 <= 0.822559
1 1 1 <= 1
-1 -0 -0 <= -0.198944
-0 -1 -0 <= -0.000737705
-0 -0 -1 <= -0.68119
-1 -1 -1 <= -0.901
--------------------
1 0 0 <= 0.321802
0 1 0 <= 0.0841475
0 0 1 <= 0.826482
1 1 1 <= 1
-1 -0 -0 <= -0.198864
-0 -1 -0 <= -0.000694137
-0 -0 -1 <= -0.677483
-1 -1 -1 <= -0.901
--------------------
1 0 0 <= 0.325534
0 1 0 <= 0.081946
0 0 1 <= 0.83023
1 1 1 <= 1
-1 -0 -0 <= -0.198821
-0 -1 -0 <= -0.00065314
-0 -0 -1 <= -0.673794
-1 -1 -1 <= -0.901
--------------------
1 0 0 <= 0.329244
0 1 0 <= 0.0798503
0 0 1 <= 0.833813
1 1 1 <= 1
-1 -0 -0 <= -0.198812
-0 -1 -0 <= -0.000614562
-0 -0 -1 <= -0.670123
-1 -1 -1 <= -0.901
--------------------
1 0 0 <= 0.332934
0 1 0 <= 0.0778542
0 0 1 <= 0.837237
1 1 1 <= 1
-1 -0 -0 <= -0.198835
-0 -1 -0 <= -0.000578263
-0 -0 -1 <= -0.66647
-1 -1 -1 <= -0.901
--------------------
1 0 0 <= 0.336603
0 1 0 <= 0.0759521
0 0 1 <= 0.840511
1 1 1 <= 1
-1 -0 -0 <= -0.198888
-0 -1 -0 <= -0.000544108
-0 -0 -1 <= -0.662836
-1 -1 -1 <= -0.901
--------------------
1 0 0 <= 0.340252
0 1 0 <= 0.0741384
0 0 1 <= 0.843642
1 1 1 <= 1
-1 -0 -0 <= -0.198968
-0 -1 -0 <= -0.000511973
-0 -0 -1 <= -0.65922
-1 -1 -1 <= -0.901
--------------------
1 0 0 <= 0.343881
0 1 0 <= 0.0724083
0 0 1 <= 0.846636
1 1 1 <= 1
-1 -0 -0 <= -0.199074
-0 -1 -0 <= -0.000481737
-0 -0 -1 <= -0.655622
-1 -1 -1 <= -0.901
--------------------
1 0 0 <= 0.34749
0 1 0 <= 0.0707572
0 0 1 <= 0.8495
1 1 1 <= 1
-1 -0 -0 <= -0.199204
-0 -1 -0 <= -0.00045329
-0 -0 -1 <= -0.652043
-1 -1 -1 <= -0.901
--------------------
1 0 0 <= 0.351078
0 1 0 <= 0.0691807
0 0 1 <= 0.852239
1 1 1 <= 1
-1 -0 -0 <= -0.199355
-0 -1 -0 <= -0.000426526
-0 -0 -1 <= -0.648482
-1 -1 -1 <= -0.901
--------------------
1 0 0 <= 0.354647
0 1 0 <= 0.0676749
0 0 1 <= 0.854859
1 1 1 <= 1
-1 -0 -0 <= -0.199528
-0 -1 -0 <= -0.000401346
-0 -0 -1 <= -0.644939
-1 -1 -1 <= -0.901
--------------------
1 0 0 <= 0.358196
0 1 0 <= 0.0662361
0 0 1 <= 0.857366
1 1 1 <= 1
-1 -0 -0 <= -0.199719
-0 -1 -0 <= -0.000377656
-0 -0 -1 <= -0.641414
-1 -1 -1 <= -0.901
--------------------
1 0 0 <= 0.361725
0 1 0 <= 0.0648607
0 0 1 <= 0.859764
1 1 1 <= 1
-1 -0 -0 <= -0.199929
-0 -1 -0 <= -0.000355369
-0 -0 -1 <= -0.637908
-1 -1 -1 <= -0.901
--------------------
1 0 0 <= 0.365234
0 1 0 <= 0.0635455
0 0 1 <= 0.862058
1 1 1 <= 1
-1 -0 -0 <= -0.200154
-0 -1 -0 <= -0.0003344
-0 -0 -1 <= -0.63442
-1 -1 -1 <= -0.901
--------------------
1 0 0 <= 0.368725
0 1 0 <= 0.0622875
0 0 1 <= 0.864253
1 1 1 <= 1
-1 -0 -0 <= -0.200395
-0 -1 -0 <= -0.000314674
-0 -0 -1 <= -0.63095
-1 -1 -1 <= -0.901
--------------------
1 0 0 <= 0.372195
0 1 0 <= 0.0610839
0 0 1 <= 0.866353
1 1 1 <= 1
-1 -0 -0 <= -0.20065
-0 -1 -0 <= -0.000296115
-0 -0 -1 <= -0.627498
-1 -1 -1 <= -0.901
--------------------
1 0 0 <= 0.375647
0 1 0 <= 0.059932
0 0 1 <= 0.868362
1 1 1 <= 1
-1 -0 -0 <= -0.200918
-0 -1 -0 <= -0.000278655
-0 -0 -1 <= -0.624064
-1 -1 -1 <= -0.901
--------------------
1 0 0 <= 0.37908
0 1 0 <= 0.0588292
0 0 1 <= 0.870285
1 1 1 <= 1
-1 -0 -0 <= -0.201198
-0 -1 -0 <= -0.000262228
-0 -0 -1 <= -0.620649
-1 -1 -1 <= -0.901
--------------------
1 0 0 <= 0.382493
0 1 0 <= 0.0577734
0 0 1 <= 0.872124
1 1 1 <= 1
-1 -0 -0 <= -0.201489
-0 -1 -0 <= -0.000246774
-0 -0 -1 <= -0.617251
-1 -1 -1 <= -0.901
--------------------
1 0 0 <= 0.385888
0 1 0 <= 0.0567622
0 0 1 <= 0.873883
1 1 1 <= 1
-1 -0 -0 <= -0.20179
-0 -1 -0 <= -0.000232234
-0 -0 -1 <= -0.613871
-1 -1 -1 <= -0.901
--------------------
1 0 0 <= 0.389264
0 1 0 <= 0.0557936
0 0 1 <= 0.875567
1 1 1 <= 1
-1 -0 -0 <= -0.2021
-0 -1 -0 <= -0.000218555
-0 -0 -1 <= -0.61051
-1 -1 -1 <= -0.901
--------------------
1 0 0 <= 0.392621
0 1 0 <= 0.0548658
0 0 1 <= 0.877177
1 1 1 <= 1
-1 -0 -0 <= -0.202419
-0 -1 -0 <= -0.000205686
-0 -0 -1 <= -0.607166
-1 -1 -1 <= -0.901
--------------------
1 0 0 <= 0.39596
0 1 0 <= 0.0539768
0 0 1 <= 0.878717
1 1 1 <= 1
-1 -0 -0 <= -0.202745
-0 -1 -0 <= -0.000193578
-0 -0 -1 <= -0.603839
-1 -1 -1 <= -0.901
--------------------
1 0 0 <= 0.39928
0 1 0 <= 0.0531249
0 0 1 <= 0.88019
1 1 1 <= 1
-1 -0 -0 <= -0.203078
-0 -1 -0 <= -0.000182186
-0 -0 -1 <= -0.600531
-1 -1 -1 <= -0.901
--------------------
1 0 0 <= 0.402582
0 1 0 <= 0.0523086
0 0 1 <= 0.881599
1 1 1 <= 1
-1 -0 -0 <= -0.203418
-0 -1 -0 <= -0.000171468
-0 -0 -1 <= -0.59724
-1 -1 -1 <= -0.901
--------------------
1 0 0 <= 0.405865
0 1 0 <= 0.0515264
0 0 1 <= 0.882946
1 1 1 <= 1
-1 -0 -0 <= -0.203763
-0 -1 -0 <= -0.000161383
-0 -0 -1 <= -0.593967
-1 -1 -1 <= -0.901
--------------------
1 0 0 <= 0.409131
0 1 0 <= 0.0507767
0 0 1 <= 0.884235
1 1 1 <= 1
-1 -0 -0 <= -0.204113
-0 -1 -0 <= -0.000151895
-0 -0 -1 <= -0.590711
-1 -1 -1 <= -0.901
--------------------
1 0 0 <= 0.412378
0 1 0 <= 0.0500583
0 0 1 <= 0.885467
1 1 1 <= 1
-1 -0 -0 <= -0.204467
-0 -1 -0 <= -0.000142968
-0 -0 -1 <= -0.587473
-1 -1 -1 <= -0.901
--------------------
1 0 0 <= 0.415608
0 1 0 <= 0.0493698
0 0 1 <= 0.886644
1 1 1 <= 1
-1 -0 -0 <= -0.204826
-0 -1 -0 <= -0.000134568
-0 -0 -1 <= -0.584252
-1 -1 -1 <= -0.901
--------------------
1 0 0 <= 0.418819
0 1 0 <= 0.0487101
0 0 1 <= 0.88777
1 1 1 <= 1
-1 -0 -0 <= -0.205187
-0 -1 -0 <= -0.000126664
-0 -0 -1 <= -0.581049
-1 -1 -1 <= -0.901
--------------------
1 0 0 <= 0.422013
0 1 0 <= 0.0480781
0 0 1 <= 0.888847
1 1 1 <= 1
-1 -0 -0 <= -0.205551
-0 -1 -0 <= -0.000119227
-0 -0 -1 <= -0.577863
-1 -1 -1 <= -0.901
--------------------
1 0 0 <= 0.425189
0 1 0 <= 0.0474726
0 0 1 <= 0.889875
1 1 1 <= 1
-1 -0 -0 <= -0.205918
-0 -1 -0 <= -0.000112229
-0 -0 -1 <= -0.574694
-1 -1 -1 <= -0.901
--------------------
1 0 0 <= 0.428348
0 1 0 <= 0.0468926
0 0 1 <= 0.890858
1 1 1 <= 1
-1 -0 -0 <= -0.206286
-0 -1 -0 <= -0.000105644
-0 -0 -1 <= -0.571542
-1 -1 -1 <= -0.901
--------------------
1 0 0 <= 0.431489
0 1 0 <= 0.0463372
0 0 1 <= 0.891798
1 1 1 <= 1
-1 -0 -0 <= -0.206655
-0 -1 -0 <= -9.94475e-05
-0 -0 -1 <= -0.568407
-1 -1 -1 <= -0.901
--------------------
1 0 0 <= 0.434613
0 1 0 <= 0.0458056
0 0 1 <= 0.892695
1 1 1 <= 1
-1 -0 -0 <= -0.207026
-0 -1 -0 <= -9.36165e-05
-0 -0 -1 <= -0.565289
-1 -1 -1 <= -0.901
--------------------
1 0 0 <= 0.43772
0 1 0 <= 0.0452967
0 0 1 <= 0.893553
1 1 1 <= 1
-1 -0 -0 <= -0.207397
-0 -1 -0 <= -8.81293e-05
-0 -0 -1 <= -0.562188
-1 -1 -1 <= -0.901
--------------------
1 0 0 <= 0.44081
0 1 0 <= 0.0448098
0 0 1 <= 0.894372
1 1 1 <= 1
-1 -0 -0 <= -0.207768
-0 -1 -0 <= -8.29655e-05
-0 -0 -1 <= -0.559103
-1 -1 -1 <= -0.901
--------------------
1 0 0 <= 0.443882
0 1 0 <= 0.0443442
0 0 1 <= 0.895155
1 1 1 <= 1
-1 -0 -0 <= -0.208139
-0 -1 -0 <= -7.8106e-05
-0 -0 -1 <= -0.556036
-1 -1 -1 <= -0.901
--------------------
1 0 0 <= 0.446938
0 1 0 <= 0.0438991
0 0 1 <= 0.895903
1 1 1 <= 1
-1 -0 -0 <= -0.208509
-0 -1 -0 <= -7.35327e-05
-0 -0 -1 <= -0.552985
-1 -1 -1 <= -0.901
--------------------
1 0 0 <= 0.449977
0 1 0 <= 0.0434737
0 0 1 <= 0.896617
1 1 1 <= 1
-1 -0 -0 <= -0.208878
-0 -1 -0 <= -6.92287e-05
-0 -0 -1 <= -0.549951
-1 -1 -1 <= -0.901
--------------------
1 0 0 <= 0.452998
0 1 0 <= 0.0430676
0 0 1 <= 0.897299
1 1 1 <= 1
-1 -0 -0 <= -0.209246
-0 -1 -0 <= -6.5178e-05
-0 -0 -1 <= -0.546933
-1 -1 -1 <= -0.901
--------------------
1 0 0 <= 0.456004
0 1 0 <= 0.04268
0 0 1 <= 0.897951
1 1 1 <= 1
-1 -0 -0 <= -0.209612
-0 -1 -0 <= -6.13657e-05
-0 -0 -1 <= -0.543932
-1 -1 -1 <= -0.901
--------------------
1 0 0 <= 0.458992
0 1 0 <= 0.0423103
0 0 1 <= 0.898573
1 1 1 <= 1
-1 -0 -0 <= -0.209977
-0 -1 -0 <= -5.77775e-05
-0 -0 -1 <= -0.540947
-1 -1 -1 <= -0.901
--------------------
1 0 0 <= 0.461965
0 1 0 <= 0.0419581
0 0 1 <= 0.899168
1 1 1 <= 1
-1 -0 -0 <= -0.210339
-0 -1 -0 <= -5.44004e-05
-0 -0 -1 <= -0.537978
-1 -1 -1 <= -0.901
--------------------
1 0 0 <= 0.46492
0 1 0 <= 0.0416227
0 0 1 <= 0.899736
1 1 1 <= 1
-1 -0 -0 <= -0.210699
-0 -1 -0 <= -5.12217e-05
-0 -0 -1 <= -0.535026
-1 -1 -1 <= -0.901
--------------------
1 0 0 <= 0.46786
0 1 0 <= 0.0413036
0 0 1 <= 0.900279
1 1 1 <= 1
-1 -0 -0 <= -0.211055
-0 -1 -0 <= -4.82297e-05
-0 -0 -1 <= -0.532089
-1 -1 -1 <= -0.901
