VARIABLES
["x","y"]

TASK
"reachability"

DATA
FLOWPIPE
empty set
